2018-02-12 23:25:09 INFO: 111
2018-02-12 23:25:19 INFO: 111
2018-02-12 23:25:35 INFO: 222
2018-02-12 23:25:44 INFO: 222
2018-02-12 23:34:15 INFO: [db] haha
2018-02-12 23:35:50 [db] haha
